<html>
<body>
<pre>
<h1>礦ision Build Log</h1>
<h2>Tool Versions:</h2>
IDE-Version: μVision V5.29.0.0
Copyright (C) 2019 ARM Ltd and ARM Germany GmbH. All rights reserved.
License Information: hu Loo George, tsi, LIC=585FJ-UQD1G-JJE6S-LAET2-5DIAQ-8HK0T
 
Tool Versions:
Toolchain:       MDK-ARM Plus  Version: 5.29.0.0
Toolchain Path:  D:\keil_5\ARM\ARMCC\Bin
C Compiler:      Armcc.exe V5.06 update 6 (build 750)
Assembler:       Armasm.exe V5.06 update 6 (build 750)
Linker/Locator:  ArmLink.exe V5.06 update 6 (build 750)
Library Manager: ArmAr.exe V5.06 update 6 (build 750)
Hex Converter:   FromElf.exe V5.06 update 6 (build 750)
CPU DLL:         SARMCM3.DLL V5.29.0.0
Dialog DLL:      DARMSTM.DLL V1.68.0.0
Target DLL:      Segger\JL2CM3.dll V2.99.36.0
Dialog DLL:      TCM.DLL V1.36.5.0
 
<h2>Project:</h2>
G:\2020\rt thread nano视频代码\教程代码\12.RT-Thread Nano-DS18B20-高精度微秒延时\STM32_Proj\Project\STM32_Proj.uvprojx
Project File Date:  05/18/2020

<h2>Output:</h2>
*** Using Compiler 'V5.06 update 6 (build 750)', folder: 'D:\keil_5\ARM\ARMCC\Bin'
Build target 'Target 1'
assembling startup_stm32f10x_hd.s...
compiling core_cm3.c...
compiling misc.c...
compiling system_stm32f10x.c...
compiling stm32f10x_bkp.c...
compiling stm32f10x_adc.c...
compiling stm32f10x_can.c...
compiling stm32f10x_cec.c...
compiling stm32f10x_crc.c...
compiling stm32f10x_dbgmcu.c...
compiling stm32f10x_dma.c...
compiling stm32f10x_dac.c...
compiling stm32f10x_exti.c...
compiling stm32f10x_flash.c...
compiling stm32f10x_fsmc.c...
compiling stm32f10x_gpio.c...
compiling stm32f10x_pwr.c...
compiling stm32f10x_rtc.c...
compiling stm32f10x_iwdg.c...
compiling stm32f10x_i2c.c...
compiling stm32f10x_rcc.c...
compiling stm32f10x_sdio.c...
compiling stm32f10x_spi.c...
compiling stm32f10x_tim.c...
compiling stm32f10x_it.c...
compiling stm32f10x_usart.c...
compiling main.c...
compiling stm32f10x_wwdg.c...
compiling system.c...
compiling board.c...
compiling SysTick.c...
compiling Gpio.c...
compiling Exti.c...
compiling Task.c...
compiling USart.c...
compiling ChipInfo.c...
compiling Button.c...
compiling components.c...
compiling clock.c...
compiling cpu.c...
compiling idle.c...
compiling BspTimer.c...
compiling Adc.c...
compiling ipc.c...
compiling irq.c...
compiling BspDs18b20.c...
compiling memheap.c...
compiling kservice.c...
compiling mem.c...
compiling mempool.c...
compiling object.c...
..\Source\RT-Thread\src\object.c(262): warning:  #550-D: variable "obj"  was set but never used
          struct rt_object *obj;
..\Source\RT-Thread\src\object.c: 1 warning, 0 errors
compiling scheduler.c...
compiling thread.c...
compiling slab.c...
assembling context_rvds.S...
compiling timer.c...
compiling cpuport.c...
compiling msh.c...
compiling cmd.c...
compiling shell.c...
linking...
Program Size: Code=26246 RO-data=1366 RW-data=396 ZI-data=10748  
FromELF: creating hex file...
".\Objects\STM32_Proj.axf" - 0 Error(s), 1 Warning(s).

<h2>Software Packages used:</h2>

Package Vendor: Keil
                http://www.keil.com/pack/Keil.STM32F1xx_DFP.2.3.0.pack
                Keil.STM32F1xx_DFP.2.3.0
                STMicroelectronics STM32F1 Series Device Support, Drivers and Examples

<h2>Collection of Component include folders:</h2>
  .\RTE\_Target_1
  D:\keil_5\Local\Arm\Packs\Keil\STM32F1xx_DFP\2.3.0\Device\Include

<h2>Collection of Component Files used:</h2>
Build Time Elapsed:  00:00:09
</pre>
</body>
</html>
